HI-TECH Software C Compiler 

Linker command line:

--edf=C:\Program Files\HI-TECH Software\PICC\9.81\dat\en_msgs.txt -cs \
  -h+usart_02.sym -z -Q16F877A -ol.obj -Musart_02.map -E1 \
  -ACONST=00h-0FFhx32 -ACODE=00h-07FFhx4 -ASTRCODE=00h-01FFFh \
  -AENTRY=00h-0FFhx32 -ASTRING=00h-0FFhx32 -ABANK0=020h-06Fh \
  -ABANK1=0A0h-0EFh -ABANK2=0110h-016Fh -ABANK3=0190h-01EFh \
  -ARAM=020h-06Fh,0A0h-0EFh,0110h-016Fh,0190h-01EFh \
  -AABS1=020h-07Fh,0A0h-0EFh,0110h-016Fh,0190h-01EFh -ACOMMON=070h-07Fh \
  -ASFR0=00h-01Fh -ASFR1=080h-09Fh -ASFR2=0100h-010Fh -ASFR3=0180h-018Fh \
  -preset_vec=00h,intentry,init,end_init -ppowerup=CODE -pfunctab=CODE \
  -ACONFIG=02007h-02007h -pconfig=CONFIG -DCONFIG=2 -AIDLOC=02000h-02003h \
  -pidloc=IDLOC -DIDLOC=2 -AEEDATA=00h-0FFh/02100h -peeprom_data=EEDATA \
  -DEEDATA=2 -DCODE=2 -DSTRCODE=2 -DSTRING=2 -DCONST=2 -DENTRY=2 -k \
  startup.obj usart_02.obj 

Object code version is 3.10

Machine type is 16F877A



                Name                               Link     Load   Length Selector   Space Scale
startup.obj     end_init                              0        0        3        0       0
usart_02.obj    text100                             734      734       13      E68       0
                text99                              769      769       26      ED2       0
                text98                              78F      78F       26      F1E       0
                text97                              7B5      7B5       4B      F6A       0
                maintext                            747      747       22      E8E       0
                cstackCOMMON                         70       70        9       70       1
                cinit                               730      730        4      E60       0

TOTAL           Name                               Link     Load   Length     Space
        CLASS   CONST          

        CLASS   CODE           
                end_init                              0        0        3         0
                text100                             734      734       13         0
                text99                              769      769       26         0
                text98                              78F      78F       26         0
                text97                              7B5      7B5       4B         0
                maintext                            747      747       22         0
                cinit                               730      730        4         0

        CLASS   STRCODE        

        CLASS   ENTRY          

        CLASS   STRING         

        CLASS   BANK0          

        CLASS   BANK1          

        CLASS   BANK2          

        CLASS   BANK3          

        CLASS   RAM            

        CLASS   ABS1           
                abs_s1                               7E       7E        2         1

        CLASS   COMMON         
                cstackCOMMON                         70       70        9         1

        CLASS   SFR0           

        CLASS   SFR1           

        CLASS   SFR2           

        CLASS   SFR3           

        CLASS   CONFIG         

        CLASS   IDLOC          

        CLASS   EEDATA         



SEGMENTS        Name                           Load    Length   Top    Selector   Space  Class     Delta

                reset_vec                      000000  000003  000003         0       0  CODE        2
                cstackCOMMON                   000070  000009  000079        70       1  COMMON      1
                cinit                          000730  000004  000734       E60       0  CODE        2
                text100                        000734  000013  000747       E68       0  CODE        2
                maintext                       000747  000022  000769       E8E       0  CODE        2
                text99                         000769  000026  00078F       ED2       0  CODE        2
                text98                         00078F  000026  0007B5       F1E       0  CODE        2
                text97                         0007B5  00004B  000800       F6A       0  CODE        2


UNUSED ADDRESS RANGES

        Name                Unused          Largest block    Delta
        BANK0            0020-006F             50           1
        BANK1            00A0-00EF             50           1
        BANK2            0110-016F             60           1
        BANK3            0190-01EF             60           1
        CODE             0003-072F            72D           2
                         0800-1FFF            800
        COMMON           0079-007D              5           1
        CONFIG           2007-2007              1           2
        CONST            0003-072F            100           2
                         0800-1FFF            100
        EEDATA           2100-21FF            100           2
        ENTRY            0003-072F            100           2
                         0800-1FFF            100
        IDLOC            2000-2003              4           2
        RAM              0020-006F             50           1
                         00A0-00EF             50
                         0110-016F             60
                         0190-01EF             60
        SFR0             0000-001F             20           1
        SFR1             0080-009F             20           1
        SFR2             0100-010F             10           1
        SFR3             0180-018F             10           1
        STRCODE          0003-072F            72D           2
                         0800-1FFF           1800
        STRING           0003-072F            100           2
                         0800-1FFF            100

                                  Symbol Table

??_lcd_cmd            cstackCOMMON 0070
??_lcd_disp           cstackCOMMON 0070
??_lcd_init           cstackCOMMON 0074
??_main               cstackCOMMON 0077
??_uart_init          cstackCOMMON 0070
?_lcd_cmd             cstackCOMMON 0070
?_lcd_disp            cstackCOMMON 0070
?_lcd_init            cstackCOMMON 0070
?_main                cstackCOMMON 0070
?_uart_init           cstackCOMMON 0070
_PORTB                (abs)        0006
_RCIF                 (abs)        0065
_RCREG                (abs)        001A
_RCSTA                (abs)        0018
_RD5                  (abs)        0045
_RD6                  (abs)        0046
_RD7                  (abs)        0047
_SPBRG                (abs)        0099
_TRISB                (abs)        0086
_TRISC6               (abs)        043E
_TRISC7               (abs)        043F
_TRISD5               (abs)        0445
_TRISD6               (abs)        0446
_TRISD7               (abs)        0447
_TXIF                 (abs)        0064
_TXSTA                (abs)        0098
__Habs1               abs1         0000
__Hbank0              bank0        0000
__Hbank1              bank1        0000
__Hbank2              bank2        0000
__Hbank3              bank3        0000
__Hcinit              cinit        0000
__Hclrtext            clrtext      0000
__Hcode               code         0000
__Hcommon             common       0000
__Hconfig             config       0000
__HcstackCOMMON       cstackCOMMON 0000
__Heeprom_data        eeprom_data  0000
__Hend_init           end_init     0003
__Hfunctab            functab      0000
__Hidloc              idloc        0000
__Hinit               init         0000
__Hintentry           intentry     0000
__Hmaintext           maintext     0000
__Hpowerup            powerup      0000
__Hram                ram          0000
__Hreset_vec          reset_vec    0000
__Hsfr0               sfr0         0000
__Hsfr1               sfr1         0000
__Hsfr2               sfr2         0000
__Hsfr3               sfr3         0000
__Hstrings            strings      0000
__Htext               text         0000
__Labs1               abs1         0000
__Lbank0              bank0        0000
__Lbank1              bank1        0000
__Lbank2              bank2        0000
__Lbank3              bank3        0000
__Lcinit              cinit        0000
__Lclrtext            clrtext      0000
__Lcode               code         0000
__Lcommon             common       0000
__Lconfig             config       0000
__LcstackCOMMON       cstackCOMMON 0000
__Leeprom_data        eeprom_data  0000
__Lend_init           end_init     0000
__Lfunctab            functab      0000
__Lidloc              idloc        0000
__Linit               init         0000
__Lintentry           intentry     0000
__Lmaintext           maintext     0000
__Lpowerup            powerup      0000
__Lram                ram          0000
__Lreset_vec          reset_vec    0000
__Lsfr0               sfr0         0000
__Lsfr1               sfr1         0000
__Lsfr2               sfr2         0000
__Lsfr3               sfr3         0000
__Lstrings            strings      0000
__Ltext               text         0000
__S0                  (abs)        0800
__S1                  (abs)        0079
__S2                  (abs)        0000
__end_of_lcd_cmd      text99       078F
__end_of_lcd_disp     text98       07B5
__end_of_lcd_init     text97       0800
__end_of_main         maintext     0769
__end_of_uart_init    text100      0747
__pcstackCOMMON       cstackCOMMON 0070
__pmaintext           maintext     0747
__ptext100            text100      0734
__ptext101            text101      0000
__ptext96             text96       0000
__ptext97             text97       07B5
__ptext98             text98       078F
__ptext99             text99       0769
__size_of_lcd_cmd     (abs)        0000
__size_of_lcd_disp    (abs)        0000
__size_of_lcd_init    (abs)        0000
__size_of_main        (abs)        0000
__size_of_uart_init   (abs)        0000
_exit                 init         0000
_lcd_cmd              text99       0769
_lcd_disp             text98       078F
_lcd_init             text97       07B5
_main                 maintext     0747
_uart_init            text100      0734
btemp                 (abs)        007E
end_of_initialization cinit        0730
intlevel0             functab      0000
intlevel1             functab      0000
intlevel2             functab      0000
intlevel3             functab      0000
intlevel4             functab      0000
intlevel5             functab      0000
lcd_cmd@cmd           cstackCOMMON 0073
lcd_disp@data         cstackCOMMON 0073
main@RData            cstackCOMMON 0078
reset_vec             reset_vec    0000
start                 init         0000
start_initialization  cinit        0730
wtemp0                (abs)        007E
