HI-TECH Software C Compiler 

Linker command line:

--edf=C:\Program Files (x86)\HI-TECH Software\PICC\9.83\dat\en_msgs.txt -cs \
  -h+Clock.sym -z -Q16F877 -ol.obj -MClock.map -E1 -ACONST=00h-0FFhx32 \
  -ACODE=00h-07FFhx4 -ASTRCODE=00h-01FFFh -AENTRY=00h-0FFhx32 \
  -ASTRING=00h-0FFhx32 -ABANK0=020h-06Fh -ABANK1=0A0h-0EFh \
  -ABANK2=0110h-016Fh -ABANK3=0190h-01EFh \
  -ARAM=020h-06Fh,0A0h-0EFh,0110h-016Fh,0190h-01EFh \
  -AABS1=020h-07Fh,0A0h-0EFh,0110h-016Fh,0190h-01EFh -ACOMMON=070h-07Fh \
  -ASFR0=00h-01Fh -ASFR1=080h-09Fh -ASFR2=0100h-010Fh -ASFR3=0180h-018Fh \
  -preset_vec=00h,intentry=04h,init,end_init -ppowerup=CODE -pfunctab=CODE \
  -ACONFIG=02007h-02007h -pconfig=CONFIG -DCONFIG=2 -AIDLOC=02000h-02003h \
  -pidloc=IDLOC -DIDLOC=2 -AEEDATA=00h-0FFh/02100h -peeprom_data=EEDATA \
  -DEEDATA=2 -DCODE=2 -DSTRCODE=2 -DSTRING=2 -DCONST=2 -DENTRY=2 -k \
  startup.obj Clock.obj 

Object code version is 3.10

Machine type is 16F877



                Name                               Link     Load   Length Selector   Space Scale
startup.obj     end_init                              C        C        3        8       0
                reset_vec                             0        0        3        0       0
Clock.obj       intentry                              4        4        8        8       0
                config                             2007     2007        1     400E       0
                text285                             1BE      1BE       11        8       0
                text284                             16E      16E       2A        8       0
                text279                             1DB      1DB        8        8       0
                text274                               F        F      15F        8       0
                maintext                            198      198       26        8       0
                cstackBANK0                          28       28        6       20       1
                cstackCOMMON                         70       70        9       70       1
                bssBANK0                             20       20        8       20       1
                cinit                               1CF      1CF        C        8       0

TOTAL           Name                               Link     Load   Length     Space
        CLASS   CONST          

        CLASS   CODE           
                end_init                              C        C        3         0
                intentry                              4        4        8         0
                reset_vec                             0        0        3         0
                text285                             1BE      1BE       11         0
                text284                             16E      16E       2A         0
                text279                             1DB      1DB        8         0
                text274                               F        F      15F         0
                maintext                            198      198       26         0
                cinit                               1CF      1CF        C         0

        CLASS   STRCODE        

        CLASS   ENTRY          

        CLASS   STRING         

        CLASS   BANK0          
                cstackBANK0                          28       28        6         1
                bssBANK0                             20       20        8         1

        CLASS   BANK1          

        CLASS   BANK2          

        CLASS   BANK3          

        CLASS   RAM            

        CLASS   ABS1           
                abs_s1                               7E       7E        2         1

        CLASS   COMMON         
                cstackCOMMON                         70       70        9         1

        CLASS   SFR0           

        CLASS   SFR1           

        CLASS   SFR2           

        CLASS   SFR3           

        CLASS   CONFIG         
                config                             2007     2007        1         0

        CLASS   IDLOC          

        CLASS   EEDATA         



SEGMENTS        Name                           Load    Length   Top    Selector   Space  Class     Delta

                reset_vec                      000000  000003  000003         0       0  CODE        2
                intentry                       000004  0001DF  0001E3         8       0  CODE        2
                bssBANK0                       000020  00000E  00002E        20       1  BANK0       1
                cstackCOMMON                   000070  000009  000079        70       1  COMMON      1
                config                         002007  000001  002008      400E       0  CONFIG      2


UNUSED ADDRESS RANGES

        Name                Unused          Largest block    Delta
        BANK0            002E-006F             42           1
        BANK1            00A0-00EF             50           1
        BANK2            0110-016F             60           1
        BANK3            0190-01EF             60           1
        CODE             0003-0003              1           2
                         01E3-1FFF            800
        COMMON           0079-007D              5           1
        CONST            0003-0003              1           2
                         01E3-1FFF            100
        EEDATA           2100-21FF            100           2
        ENTRY            0003-0003              1           2
                         01E3-1FFF            100
        IDLOC            2000-2003              4           2
        RAM              002E-006F             42           1
                         00A0-00EF             50
                         0110-016F             60
                         0190-01EF             60
        SFR0             0000-001F             20           1
        SFR1             0080-009F             20           1
        SFR2             0100-010F             10           1
        SFR3             0180-018F             10           1
        STRCODE          0003-0003              1           2
                         01E3-1FFF           1E1D
        STRING           0003-0003              1           2
                         01E3-1FFF            100

                                  Symbol Table

??_ClearLCDScreen                 cstackCOMMON 0074
??_DisplayTimeToLCD               cstackCOMMON 0079
??_ISR                            cstackCOMMON 0070
??_Init1msecTimerInterrupt        cstackCOMMON 0072
??_InitLCD                        cstackCOMMON 0074
??_InitTimer0                     cstackCOMMON 0072
??_ToggleEpinOfLCD                cstackCOMMON 0072
??_UpdateTimeCounters             cstackCOMMON 0072
??_WriteCommandToLCD              cstackCOMMON 0073
??_WriteDataToLCD                 cstackCOMMON 0073
??___lwdiv                        cstackCOMMON 0076
??___lwmod                        cstackCOMMON 0076
??_main                           cstackCOMMON 0079
?_ClearLCDScreen                  cstackCOMMON 0070
?_DisplayTimeToLCD                cstackBANK0  0028
?_ISR                             cstackCOMMON 0070
?_Init1msecTimerInterrupt         cstackCOMMON 0070
?_InitLCD                         cstackCOMMON 0070
?_InitTimer0                      cstackCOMMON 0070
?_ToggleEpinOfLCD                 cstackCOMMON 0070
?_UpdateTimeCounters              cstackCOMMON 0070
?_WriteCommandToLCD               cstackCOMMON 0070
?_WriteDataToLCD                  cstackCOMMON 0070
?___lwdiv                         cstackCOMMON 0072
?___lwmod                         cstackCOMMON 0072
?_main                            cstackCOMMON 0070
DisplayTimeToLCD@h                cstackBANK0  0028
DisplayTimeToLCD@m                cstackBANK0  002A
DisplayTimeToLCD@s                cstackBANK0  002C
WriteCommandToLCD@Command         cstackCOMMON 0073
WriteDataToLCD@LCDChar            cstackCOMMON 0073
_ClearLCDScreen                   text274      014F
_DisplayTimeToLCD                 text274      000F
_GIE                              (abs)        005F
_ISR                              text285      01BE
_Init1msecTimerInterrupt          text279      01DB
_InitLCD                          text274      00D8
_InitTimer0                       text279      01DC
_OPTION_REG                       (abs)        0081
_PORTB                            (abs)        0006
_RB0                              (abs)        0030
_RB1                              (abs)        0031
_RB4                              (abs)        0034
_RB5                              (abs)        0035
_RB6                              (abs)        0036
_RB7                              (abs)        0037
_T0IE                             (abs)        005D
_T0IF                             (abs)        005A
_TMR0                             (abs)        0001
_TRISB0                           (abs)        0430
_TRISB1                           (abs)        0431
_TRISB4                           (abs)        0434
_TRISB5                           (abs)        0435
_TRISB6                           (abs)        0436
_TRISB7                           (abs)        0437
_ToggleEpinOfLCD                  text274      012F
_UpdateTimeCounters               text284      016E
_WriteCommandToLCD                text274      013D
_WriteDataToLCD                   text274      0078
__Habs1                           abs1         0000
__Hbank0                          bank0        0000
__Hbank1                          bank1        0000
__Hbank2                          bank2        0000
__Hbank3                          bank3        0000
__HbssBANK0                       bssBANK0     0000
__Hcinit                          cinit        0000
__Hclrtext                        clrtext      0000
__Hcode                           code         0000
__Hcommon                         common       0000
__Hconfig                         config       2008
__HcstackBANK0                    cstackBANK0  0000
__HcstackCOMMON                   cstackCOMMON 0000
__Heeprom_data                    eeprom_data  0000
__Hend_init                       end_init     000F
__Hfunctab                        functab      0000
__Hidloc                          idloc        0000
__Hinit                           init         000C
__Hintentry                       intentry     000C
__Hmaintext                       maintext     0000
__Hpa_nodes                       pa_nodes     0000
__Hpowerup                        powerup      0000
__Hram                            ram          0000
__Hreset_vec                      reset_vec    0003
__Hsfr0                           sfr0         0000
__Hsfr1                           sfr1         0000
__Hsfr2                           sfr2         0000
__Hsfr3                           sfr3         0000
__Hstrings                        strings      0000
__Htext                           text         0000
__Labs1                           abs1         0000
__Lbank0                          bank0        0000
__Lbank1                          bank1        0000
__Lbank2                          bank2        0000
__Lbank3                          bank3        0000
__LbssBANK0                       bssBANK0     0000
__Lcinit                          cinit        0000
__Lclrtext                        clrtext      0000
__Lcode                           code         0000
__Lcommon                         common       0000
__Lconfig                         config       2007
__LcstackBANK0                    cstackBANK0  0000
__LcstackCOMMON                   cstackCOMMON 0000
__Leeprom_data                    eeprom_data  0000
__Lend_init                       end_init     000C
__Lfunctab                        functab      0000
__Lidloc                          idloc        0000
__Linit                           init         000C
__Lintentry                       intentry     0004
__Lmaintext                       maintext     0000
__Lpa_nodes                       pa_nodes     0000
__Lpowerup                        powerup      0000
__Lram                            ram          0000
__Lreset_vec                      reset_vec    0000
__Lsfr0                           sfr0         0000
__Lsfr1                           sfr1         0000
__Lsfr2                           sfr2         0000
__Lsfr3                           sfr3         0000
__Lstrings                        strings      0000
__Ltext                           text         0000
__S0                              (abs)        2008
__S1                              (abs)        0079
__S2                              (abs)        0000
___lwdiv                          text274      008A
___lwdiv@counter                  cstackCOMMON 0078
___lwdiv@dividend                 cstackCOMMON 0074
___lwdiv@divisor                  cstackCOMMON 0072
___lwdiv@quotient                 cstackCOMMON 0076
___lwmod                          text274      00B4
___lwmod@counter                  cstackCOMMON 0076
___lwmod@dividend                 cstackCOMMON 0074
___lwmod@divisor                  cstackCOMMON 0072
__end_of_ClearLCDScreen           text274      015D
__end_of_DisplayTimeToLCD         text274      0078
__end_of_ISR                      text285      01CF
__end_of_Init1msecTimerInterrupt  text279      01DC
__end_of_InitLCD                  text274      012F
__end_of_InitTimer0               text279      01E3
__end_of_ToggleEpinOfLCD          text274      013D
__end_of_UpdateTimeCounters       text284      0198
__end_of_WriteCommandToLCD        text274      014F
__end_of_WriteDataToLCD           text274      008A
__end_of___lwdiv                  text274      00B4
__end_of___lwmod                  text274      00D8
__end_of_main                     maintext     01BE
__pbssBANK0                       bssBANK0     0020
__pcstackBANK0                    cstackBANK0  0028
__pcstackCOMMON                   cstackCOMMON 0070
__pintentry                       intentry     0004
__pmaintext                       maintext     0198
__ptext273                        text273      0000
__ptext274                        text274      000F
__ptext275                        text274      014F
__ptext276                        text274      00D8
__ptext277                        text274      0078
__ptext278                        text274      013D
__ptext279                        text279      01DB
__ptext280                        text274      012F
__ptext281                        text274      00B4
__ptext282                        text274      008A
__ptext283                        text279      01DC
__ptext284                        text284      016E
__ptext285                        text285      01BE
__ptext286                        text286      0000
__size_of_ClearLCDScreen          (abs)        0000
__size_of_DisplayTimeToLCD        (abs)        0000
__size_of_ISR                     (abs)        0000
__size_of_Init1msecTimerInterrupt (abs)        0000
__size_of_InitLCD                 (abs)        0000
__size_of_InitTimer0              (abs)        0000
__size_of_ToggleEpinOfLCD         (abs)        0000
__size_of_UpdateTimeCounters      (abs)        0000
__size_of_WriteCommandToLCD       (abs)        0000
__size_of_WriteDataToLCD          (abs)        0000
__size_of___lwdiv                 (abs)        0000
__size_of___lwmod                 (abs)        0000
__size_of_main                    (abs)        0000
_exit                             init         000C
_hrCounter                        bssBANK0     0020
_main                             maintext     0198
_minCounter                       bssBANK0     0022
_msCounter                        bssBANK0     0024
_secCounter                       bssBANK0     0026
btemp                             (abs)        007E
end_of_initialization             cinit        01D7
i1l3925                                            
i1l3929                                            
i1l3931                                            
interrupt_function                intentry     0004
intlevel0                         functab      0000
intlevel1                         functab      0000
intlevel2                         functab      0000
intlevel3                         functab      0000
intlevel4                         functab      0000
intlevel5                         functab      0000
l1974                                              
l1977                                              
l3284                                              
l3294                                              
l3897                                              
l3901                                              
l3907                                              
l3913                                              
l3921                                              
l3923                                              
l3933                                              
l3935                                              
l3945                                              
l3949                                              
l3953                                              
l3959                                              
l3973                                              
l3981                                              
l3983                                              
l3985                                              
l3987                                              
l3989                                              
l3991                                              
l3993                                              
l3995                                              
l3997                                              
l3999                                              
l4001                                              
l4003                                              
l4005                                              
l4007                                              
l4009                                              
l4011                                              
l4013                                              
l4015                                              
l4017                                              
l4019                                              
l4021                                              
l4023                                              
l4025                                              
l4027                                              
l4029                                              
l4031                                              
l4033                                              
l4035                                              
l4037                                              
l4039                                              
l4041                                              
l4043                                              
l4045                                              
l4047                                              
l4049                                              
l4051                                              
l4053                                              
l4055                                              
l4057                                              
l643                                               
l646                                               
l649                                               
l652                                               
l661                                               
l664                                               
reset_vec                         reset_vec    0000
saved_w                           (abs)        007E
start                             init         000C
start_initialization              cinit        01CF
wtemp0                            (abs)        007E
