HI-TECH Software C Compiler 

Linker command line:

--edf=C:\Program Files (x86)\HI-TECH Software\PICC\9.83\dat\en_msgs.txt -cs \
  -h+LCD.sym -z -Q16F877A -ol.obj -MLCD.map -E1 -ACONST=00h-0FFhx32 \
  -ACODE=00h-07FFhx4 -ASTRCODE=00h-01FFFh -AENTRY=00h-0FFhx32 \
  -ASTRING=00h-0FFhx32 -ABANK0=020h-06Fh -ABANK1=0A0h-0EFh \
  -ABANK2=0110h-016Fh -ABANK3=0190h-01EFh \
  -ARAM=020h-06Fh,0A0h-0EFh,0110h-016Fh,0190h-01EFh \
  -AABS1=020h-07Fh,0A0h-0EFh,0110h-016Fh,0190h-01EFh -ACOMMON=070h-07Fh \
  -ASFR0=00h-01Fh -ASFR1=080h-09Fh -ASFR2=0100h-010Fh -ASFR3=0180h-018Fh \
  -preset_vec=00h,intentry,init,end_init -ppowerup=CODE -pfunctab=CODE \
  -ACONFIG=02007h-02007h -pconfig=CONFIG -DCONFIG=2 -AIDLOC=02000h-02003h \
  -pidloc=IDLOC -DIDLOC=2 -AEEDATA=00h-0FFh/02100h -peeprom_data=EEDATA \
  -DEEDATA=2 -DCODE=2 -DSTRCODE=2 -DSTRING=2 -DCONST=2 -DENTRY=2 -k \
  startup.obj LCD.obj 

Object code version is 3.10

Machine type is 16F877A



                Name                               Link     Load   Length Selector   Space Scale
startup.obj     end_init                              0        0        3        0       0
LCD.obj         config                             2007     2007        1     400E       0
                text109                             752      752       AE      EA4       0
                maintext                            71B      71B       18      E36       0
                cstackCOMMON                         70       70        A       70       1
                dataBANK0                            20       20       10       20       1
                cinit                               733      733       1F      E66       0

TOTAL           Name                               Link     Load   Length     Space
        CLASS   CONST          

        CLASS   CODE           
                end_init                              0        0        3         0
                text109                             752      752       AE         0
                maintext                            71B      71B       18         0
                cinit                               733      733       1F         0

        CLASS   STRCODE        

        CLASS   ENTRY          

        CLASS   STRING         

        CLASS   BANK0          
                dataBANK0                            20       20       10         1

        CLASS   BANK1          

        CLASS   BANK2          

        CLASS   BANK3          

        CLASS   RAM            

        CLASS   ABS1           
                abs_s1                               7E       7E        2         1

        CLASS   COMMON         
                cstackCOMMON                         70       70        A         1

        CLASS   SFR0           

        CLASS   SFR1           

        CLASS   SFR2           

        CLASS   SFR3           

        CLASS   CONFIG         
                config                             2007     2007        1         0

        CLASS   IDLOC          

        CLASS   EEDATA         



SEGMENTS        Name                           Load    Length   Top    Selector   Space  Class     Delta

                reset_vec                      000000  000003  000003         0       0  CODE        2
                dataBANK0                      000020  000010  000030        20       1  BANK0       1
                cstackCOMMON                   000070  00000A  00007A        70       1  COMMON      1
                maintext                       00071B  000018  000733       E36       0  CODE        2
                cinit                          000733  00001F  000752       E66       0  CODE        2
                text109                        000752  0000AE  000800       EA4       0  CODE        2
                config                         002007  000001  002008      400E       0  CONFIG      2


UNUSED ADDRESS RANGES

        Name                Unused          Largest block    Delta
        BANK0            0030-006F             40           1
        BANK1            00A0-00EF             50           1
        BANK2            0110-016F             60           1
        BANK3            0190-01EF             60           1
        CODE             0003-071A            718           2
                         0800-1FFF            800
        COMMON           007A-007D              4           1
        CONST            0003-071A            100           2
                         0800-1FFF            100
        EEDATA           2100-21FF            100           2
        ENTRY            0003-071A            100           2
                         0800-1FFF            100
        IDLOC            2000-2003              4           2
        RAM              0030-006F             40           1
                         00A0-00EF             50
                         0110-016F             60
                         0190-01EF             60
        SFR0             0000-001F             20           1
        SFR1             0080-009F             20           1
        SFR2             0100-010F             10           1
        SFR3             0180-018F             10           1
        STRCODE          0003-071A            718           2
                         0800-1FFF           1800
        STRING           0003-071A            100           2
                         0800-1FFF            100

                                  Symbol Table

??_InitLCD                  cstackCOMMON 0077
??_LCDBuildChar             cstackCOMMON 0074
??_WriteCommandToLCD        cstackCOMMON 0070
??_WriteDataToLCD           cstackCOMMON 0070
??_main                     cstackCOMMON 007A
?_InitLCD                   cstackCOMMON 0070
?_LCDBuildChar              cstackCOMMON 0073
?_WriteCommandToLCD         cstackCOMMON 0070
?_WriteDataToLCD            cstackCOMMON 0070
?_main                      cstackCOMMON 0070
LCDBuildChar@i              cstackCOMMON 0076
LCDBuildChar@loc            cstackCOMMON 0075
LCDBuildChar@p              cstackCOMMON 0073
WriteCommandToLCD@Command   cstackCOMMON 0072
WriteDataToLCD@LCDChar      cstackCOMMON 0072
_CurvyObject                dataBANK0    0020
_InitLCD                    text109      0774
_LCDBuildChar               text109      0752
_PORTB                      (abs)        0006
_RD0                        (abs)        0040
_RD1                        (abs)        0041
_SquareBox                  dataBANK0    0028
_TRISB                      (abs)        0086
_TRISD0                     (abs)        0440
_TRISD1                     (abs)        0441
_WriteCommandToLCD          text109      07C6
_WriteDataToLCD             text109      07E3
__Habs1                     abs1         0000
__Hbank0                    bank0        0000
__Hbank1                    bank1        0000
__Hbank2                    bank2        0000
__Hbank3                    bank3        0000
__Hcinit                    cinit        0000
__Hclrtext                  clrtext      0000
__Hcode                     code         0000
__Hcommon                   common       0000
__Hconfig                   config       2008
__HcstackCOMMON             cstackCOMMON 0000
__HdataBANK0                dataBANK0    0000
__Heeprom_data              eeprom_data  0000
__Hend_init                 end_init     0003
__Hfunctab                  functab      0000
__HidataBANK0               idataBANK0   0000
__Hidloc                    idloc        0000
__Hinit                     init         0000
__Hintentry                 intentry     0000
__Hmaintext                 maintext     0000
__Hpa_nodes                 pa_nodes     0000
__Hpowerup                  powerup      0000
__Hram                      ram          0000
__Hreset_vec                reset_vec    0000
__Hsfr0                     sfr0         0000
__Hsfr1                     sfr1         0000
__Hsfr2                     sfr2         0000
__Hsfr3                     sfr3         0000
__Hstrings                  strings      0000
__Htext                     text         0000
__Labs1                     abs1         0000
__Lbank0                    bank0        0000
__Lbank1                    bank1        0000
__Lbank2                    bank2        0000
__Lbank3                    bank3        0000
__Lcinit                    cinit        0000
__Lclrtext                  clrtext      0000
__Lcode                     code         0000
__Lcommon                   common       0000
__Lconfig                   config       2007
__LcstackCOMMON             cstackCOMMON 0000
__LdataBANK0                dataBANK0    0000
__Leeprom_data              eeprom_data  0000
__Lend_init                 end_init     0000
__Lfunctab                  functab      0000
__LidataBANK0               idataBANK0   0000
__Lidloc                    idloc        0000
__Linit                     init         0000
__Lintentry                 intentry     0000
__Lmaintext                 maintext     0000
__Lpa_nodes                 pa_nodes     0000
__Lpowerup                  powerup      0000
__Lram                      ram          0000
__Lreset_vec                reset_vec    0000
__Lsfr0                     sfr0         0000
__Lsfr1                     sfr1         0000
__Lsfr2                     sfr2         0000
__Lsfr3                     sfr3         0000
__Lstrings                  strings      0000
__Ltext                     text         0000
__S0                        (abs)        2008
__S1                        (abs)        007A
__S2                        (abs)        0000
__end_of_InitLCD            text109      07C6
__end_of_LCDBuildChar       text109      0774
__end_of_WriteCommandToLCD  text109      07E3
__end_of_WriteDataToLCD     text109      0800
__end_of_main               maintext     0733
__pcstackCOMMON             cstackCOMMON 0070
__pdataBANK0                dataBANK0    0020
__pidataBANK0               idataBANK0   0000
__pmaintext                 maintext     071B
__ptext108                  text109      0774
__ptext109                  text109      0752
__ptext110                  text109      07E3
__ptext111                  text109      07C6
__ptext112                  text112      0000
__size_of_InitLCD           (abs)        0000
__size_of_LCDBuildChar      (abs)        0000
__size_of_WriteCommandToLCD (abs)        0000
__size_of_WriteDataToLCD    (abs)        0000
__size_of_main              (abs)        0000
_exit                       init         0000
_main                       maintext     071B
btemp                       (abs)        007E
end_of_initialization       cinit        074E
intlevel0                   functab      0000
intlevel1                   functab      0000
intlevel2                   functab      0000
intlevel3                   functab      0000
intlevel4                   functab      0000
intlevel5                   functab      0000
l2527                                        
l2529                                        
l2531                                        
l2533                                        
l2535                                        
l2537                                        
l2539                                        
l2541                                        
l2543                                        
l2547                                        
l2555                                        
l2557                                        
l2561                                        
l2563                                        
l2565                                        
l2567                                        
l2569                                        
l2571                                        
l2573                                        
l2575                                        
l2577                                        
l2579                                        
l2581                                        
l2583                                        
l2585                                        
l2587                                        
l2589                                        
l2591                                        
l2593                                        
l2595                                        
l2597                                        
l2599                                        
l2601                                        
l693                                         
l696                                         
l699                                         
l708                                         
reset_vec                   reset_vec    0000
start                       init         0000
start_initialization        cinit        0733
wtemp0                      (abs)        007E
