Microchip MPLAB XC8 Compiler V1.38 ()

Linker command line:

-W-3 --edf=C:\Program Files (x86)\Microchip\xc8\v1.38\dat\en_msgs.txt -cs \
  -h+dist/default/production\Alarm_Clock_with_PIC.X.production.sym \
  --cmf=dist/default/production\Alarm_Clock_with_PIC.X.production.cmf -z \
  -Q16F877A -oC:\Users\Aswinth\AppData\Local\Temp\shj0.2 \
  -Mdist/default/production/Alarm_Clock_with_PIC.X.production.map -E1 \
  -ver=XC8 -ASTACK=0110h-016fh -pstack=STACK -ACODE=00h-07FFhx4 \
  -ASTRCODE=00h-01FFFh -ASTRING=00h-0FFhx32 -ACONST=00h-0FFhx32 \
  -AENTRY=00h-0FFhx32 -ACOMMON=070h-07Fh -ABANK0=020h-06Fh \
  -ABANK1=0A0h-0EFh -ABANK2=0110h-016Fh -ABANK3=0190h-01EFh \
  -ARAM=020h-06Fh,0A0h-0EFh,0110h-016Fh,0190h-01EFh \
  -AABS1=020h-07Fh,0A0h-0EFh,0110h-016Fh,0190h-01EFh -ASFR0=00h-01Fh \
  -ASFR1=080h-09Fh -ASFR2=0100h-010Fh -ASFR3=0180h-018Fh \
  -preset_vec=00h,intentry,init,end_init -ppowerup=CODE -pcinit=CODE \
  -pfunctab=CODE -ACONFIG=02007h-02007h -pconfig=CONFIG -DCONFIG=2 \
  -AIDLOC=02000h-02003h -pidloc=IDLOC -DIDLOC=2 -AEEDATA=00h-0FFh/02100h \
  -peeprom_data=EEDATA -DEEDATA=2 -DCODE=2 -DSTRCODE=2 -DSTRING=2 -DCONST=2 \
  -DENTRY=2 -k C:\Users\Aswinth\AppData\Local\Temp\shj0.obj \
  dist/default/production\Alarm_Clock_with_PIC.X.production.obj 

Object code version is 3.11

Machine type is 16F877A



                Name                               Link     Load   Length Selector   Space Scale
C:\Users\Aswinth\AppData\Local\Temp\shj0.obj
                end_init                              0        0        3        0       0
                config                             2007     2007        1     400E       0
dist/default/production\Alarm_Clock_with_PIC.X.production.obj
                cinit                               7E8      7E8       18      FD0       0
                text22                              34F      34F       60      69E       0
                text21                              1D1      1D1       3F      3A2       0
                text20                              2A5      2A5       51      54A       0
                text19                               A4       A4       1A      148       0
                text18                               BE       BE       1A      17C       0
                text17                               7D       7D        B       FA       0
                text16                              198      198       39      330       0
                text15                               F9       F9       22      1F2       0
                text14                              210      210       4A      420       0
                text13                              3AF      3AF       74      75E       0
                text12                              2F6      2F6       59      5EC       0
                text11                              25A      25A       4B      4B4       0
                text10                              16A      16A       2E      2D4       0
                text9                                74       74        9       E8       0
                text8                                56       56        7       AC       0
                text7                                5D       5D        7       BA       0
                text6                                64       64        8       C8       0
                text5                               423      423       AD      846       0
                text4                                D8       D8       21      1B0       0
                text3                               11B      11B       23      236       0
                text2                               13E      13E       2C      27C       0
                text1                               4D0      4D0       EA      9A0       0
                maintext                            5BA      5BA      22E      B74       0
                cstackBANK0                          20       20       1E       20       1
                cstackCOMMON                         70       70        E       70       1
                clrtext                              6C       6C        8       D8       0
                inittext                             93       93       11      126       0
                dataBANK0                            4F       4F        B       20       1
                bssBANK0                             3E       3E       11       20       1
                strings                               3        3       32        6       0
                idataBANK0                           88       88        B      110       0

TOTAL           Name                               Link     Load   Length     Space
        CLASS   STACK          

        CLASS   CODE           
                end_init                              0        0        3         0
                cinit                               7E8      7E8       18         0
                text22                              34F      34F       60         0
                text21                              1D1      1D1       3F         0
                text20                              2A5      2A5       51         0
                text19                               A4       A4       1A         0
                text18                               BE       BE       1A         0
                text17                               7D       7D        B         0
                text16                              198      198       39         0
                text15                               F9       F9       22         0
                text14                              210      210       4A         0
                text13                              3AF      3AF       74         0
                text12                              2F6      2F6       59         0
                text11                              25A      25A       4B         0
                text10                              16A      16A       2E         0
                text9                                74       74        9         0
                text8                                56       56        7         0
                text7                                5D       5D        7         0
                text6                                64       64        8         0
                text5                               423      423       AD         0
                text4                                D8       D8       21         0
                text3                               11B      11B       23         0
                text2                               13E      13E       2C         0
                text1                               4D0      4D0       EA         0
                maintext                            5BA      5BA      22E         0
                clrtext                              6C       6C        8         0
                inittext                             93       93       11         0
                idataBANK0                           88       88        B         0

        CLASS   STRCODE        

        CLASS   STRING         
                strings                               3        3       32         0

        CLASS   CONST          

        CLASS   ENTRY          

        CLASS   COMMON         
                cstackCOMMON                         70       70        E         1

        CLASS   BANK0          
                cstackBANK0                          20       20       1E         1
                dataBANK0                            4F       4F        B         1
                bssBANK0                             3E       3E       11         1

        CLASS   BANK1          

        CLASS   BANK2          

        CLASS   BANK3          

        CLASS   RAM            

        CLASS   ABS1           
                abs_s1                               7E       7E        2         1

        CLASS   SFR0           

        CLASS   SFR1           

        CLASS   SFR2           

        CLASS   SFR3           

        CLASS   CONFIG         
                config                             2007     2007        1         0

        CLASS   IDLOC          

        CLASS   EEDATA         



SEGMENTS        Name                           Load    Length   Top    Selector   Space  Class     Delta

                reset_vec                      000000  000003  000003         0       0  CODE        2
                strings                        000003  000032  000035         6       0  STRING      2
                cstackBANK0                    000020  00003A  00005A        20       1  BANK0       1
                cstackCOMMON                   000070  00000E  00007E        70       1  COMMON      1
                text8                          000056  000007  00005D        AC       0  CODE        2
                text7                          00005D  000007  000064        BA       0  CODE        2
                text6                          000064  000008  00006C        C8       0  CODE        2
                clrtext                        00006C  000008  000074        D8       0  CODE        2
                text9                          000074  000009  00007D        E8       0  CODE        2
                text17                         00007D  00000B  000088        FA       0  CODE        2
                idataBANK0                     000088  00000B  000093       110       0  CODE        2
                inittext                       000093  000011  0000A4       126       0  CODE        2
                text19                         0000A4  00001A  0000BE       148       0  CODE        2
                text18                         0000BE  00001A  0000D8       17C       0  CODE        2
                text4                          0000D8  000021  0000F9       1B0       0  CODE        2
                text15                         0000F9  000022  00011B       1F2       0  CODE        2
                text3                          00011B  000023  00013E       236       0  CODE        2
                text2                          00013E  00002C  00016A       27C       0  CODE        2
                text10                         00016A  00002E  000198       2D4       0  CODE        2
                text16                         000198  000039  0001D1       330       0  CODE        2
                text21                         0001D1  00003F  000210       3A2       0  CODE        2
                text14                         000210  00004A  00025A       420       0  CODE        2
                text11                         00025A  00004B  0002A5       4B4       0  CODE        2
                text20                         0002A5  000051  0002F6       54A       0  CODE        2
                text12                         0002F6  000059  00034F       5EC       0  CODE        2
                text22                         00034F  000060  0003AF       69E       0  CODE        2
                text13                         0003AF  000074  000423       75E       0  CODE        2
                text5                          000423  0000AD  0004D0       846       0  CODE        2
                text1                          0004D0  0000EA  0005BA       9A0       0  CODE        2
                maintext                       0005BA  00022E  0007E8       B74       0  CODE        2
                cinit                          0007E8  000018  000800       FD0       0  CODE        2
                config                         002007  000001  002008      400E       0  CONFIG      2


UNUSED ADDRESS RANGES

        Name                Unused          Largest block    Delta
        BANK0            005A-006F             16           1
        BANK1            00A0-00EF             50           1
        BANK2            0110-016F             60           1
        BANK3            0190-01EF             60           1
        CODE             0035-0055             21           2
                         0800-1FFF            800
        CONST            0035-0055             21           2
                         0800-1FFF            100
        EEDATA           2100-21FF            100           2
        ENTRY            0035-0055             21           2
                         0800-1FFF            100
        IDLOC            2000-2003              4           2
        RAM              005A-006F             16           1
                         00A0-00EF             50
                         0110-016F             60
                         0190-01EF             60
        SFR0             0000-001F             20           1
        SFR1             0080-009F             20           1
        SFR2             0100-010F             10           1
        SFR3             0180-018F             10           1
        STACK            0110-016F             60           1
        STRCODE          0035-0055             21           2
                         0800-1FFF           1800
        STRING           0035-0055             21           2
                         0800-1FFF            100

                                  Symbol Table

?_BCD_2_DEC                        cstackCOMMON 0076
?_DEC_2_BCD                        cstackCOMMON 0079
?_I2C_Read                         cstackCOMMON 0070
?___awdiv                          cstackCOMMON 0070
?___awmod                          cstackCOMMON 0070
?___lldiv                          cstackBANK0  0020
?___lmul                           cstackCOMMON 0070
?___wmul                           cstackCOMMON 0070
BCD_2_DEC@to_convert               cstackCOMMON 0076
DEC_2_BCD@to_convert               cstackCOMMON 0079
I2C_Initialize@feq_K               cstackBANK0  002D
I2C_Read@ack                       cstackCOMMON 0070
I2C_Read@incoming                  cstackCOMMON 0074
I2C_Write@data                     cstackBANK0  0020
Lcd_Cmd@a                          cstackCOMMON 0073
Lcd_Print_Char@Lower_Nibble        cstackCOMMON 0072
Lcd_Print_Char@Upper_Nibble        cstackCOMMON 0073
Lcd_Print_Char@data                cstackCOMMON 0074
Lcd_Print_String@a                 cstackCOMMON 0077
Lcd_Print_String@i                 cstackCOMMON 0075
Lcd_SetBit@data_bit                cstackCOMMON 0070
Lcd_Set_Cursor@a                   cstackCOMMON 0077
Lcd_Set_Cursor@b                   cstackCOMMON 0074
Lcd_Set_Cursor@temp                cstackCOMMON 007A
Lcd_Set_Cursor@y                   cstackCOMMON 0079
Lcd_Set_Cursor@z                   cstackCOMMON 0078
Lcd_Start@i                        cstackCOMMON 0076
_ACKDT                             (abs)        048D
_ACKEN                             (abs)        048C
_BCD_2_DEC                         text3        011B
_DEC_2_BCD                         text10       016A
_I2C_Begin                         text8        0056
_I2C_End                           text7        005D
_I2C_Hold                          text9        0074
_I2C_Initialize                    text20       02A5
_I2C_Read                          text2        013E
_I2C_Write                         text6        0064
_Lcd_Clear                         text17       007D
_Lcd_Cmd                           text18       00BE
_Lcd_Print_Char                    text16       0198
_Lcd_Print_String                  text15       00F9
_Lcd_SetBit                        text19       00A4
_Lcd_Set_Cursor                    text14       0210
_Lcd_Start                         text13       03AF
_OPTION_REG                        (abs)        0081
_PEN                               (abs)        048A
_RB0                               (abs)        0030
_RB1                               (abs)        0031
_RB2                               (abs)        0032
_RB3                               (abs)        0033
_RB4                               (abs)        0034
_RCEN                              (abs)        048B
_RD1                               (abs)        0041
_RD2                               (abs)        0042
_RD3                               (abs)        0043
_RD4                               (abs)        0044
_RD5                               (abs)        0045
_RD6                               (abs)        0046
_RD7                               (abs)        0047
_SEN                               (abs)        0488
_SSPADD                            (abs)        0093
_SSPBUF                            (abs)        0013
_SSPCON                            (abs)        0014
_SSPCON2                           (abs)        0091
_SSPSTAT                           (abs)        0094
_Set_Time_Date                     text5        0423
_TRISB                             (abs)        0086
_TRISC3                            (abs)        043B
_TRISC4                            (abs)        043C
_TRISD                             (abs)        0088
_Update_Current_Date_Time          text1        04D0
__CFG_BOREN$ON                     (abs)        0000
__CFG_CP$OFF                       (abs)        0000
__CFG_CPD$OFF                      (abs)        0000
__CFG_FOSC$HS                      (abs)        0000
__CFG_LVP$OFF                      (abs)        0000
__CFG_PWRTE$ON                     (abs)        0000
__CFG_WDTE$OFF                     (abs)        0000
__CFG_WRT$OFF                      (abs)        0000
__Habs1                            abs1         0000
__Hbank0                           bank0        0000
__Hbank1                           bank1        0000
__Hbank2                           bank2        0000
__Hbank3                           bank3        0000
__HbssBANK0                        bssBANK0     0000
__Hcinit                           cinit        0800
__Hclrtext                         clrtext      0000
__Hcode                            code         0000
__Hcommon                          common       0000
__Hconfig                          config       2008
__HcstackBANK0                     cstackBANK0  0000
__HcstackCOMMON                    cstackCOMMON 0000
__HdataBANK0                       dataBANK0    0000
__Heeprom_data                     eeprom_data  0000
__Hend_init                        end_init     0003
__Hfunctab                         functab      0000
__HidataBANK0                      idataBANK0   0000
__Hidloc                           idloc        0000
__Hinit                            init         0000
__Hinittext                        inittext     0000
__Hintentry                        intentry     0000
__Hmaintext                        maintext     0000
__Hpowerup                         powerup      0000
__Hram                             ram          0000
__Hreset_vec                       reset_vec    0000
__Hsfr0                            sfr0         0000
__Hsfr1                            sfr1         0000
__Hsfr2                            sfr2         0000
__Hsfr3                            sfr3         0000
__Hspace_0                         (abs)        2008
__Hspace_1                         (abs)        007E
__Hspace_2                         (abs)        0000
__Hspace_3                         (abs)        0000
__Hstack                           stack        0000
__Hstrings                         strings      0000
__Htext                            text         0000
__Labs1                            abs1         0000
__Lbank0                           bank0        0000
__Lbank1                           bank1        0000
__Lbank2                           bank2        0000
__Lbank3                           bank3        0000
__LbssBANK0                        bssBANK0     0000
__Lcinit                           cinit        07E8
__Lclrtext                         clrtext      0000
__Lcode                            code         0000
__Lcommon                          common       0000
__Lconfig                          config       2007
__LcstackBANK0                     cstackBANK0  0000
__LcstackCOMMON                    cstackCOMMON 0000
__LdataBANK0                       dataBANK0    0000
__Leeprom_data                     eeprom_data  0000
__Lend_init                        end_init     0000
__Lfunctab                         functab      0000
__LidataBANK0                      idataBANK0   0000
__Lidloc                           idloc        0000
__Linit                            init         0000
__Linittext                        inittext     0000
__Lintentry                        intentry     0000
__Lmaintext                        maintext     0000
__Lpowerup                         powerup      0000
__Lram                             ram          0000
__Lreset_vec                       reset_vec    0000
__Lsfr0                            sfr0         0000
__Lsfr1                            sfr1         0000
__Lsfr2                            sfr2         0000
__Lsfr3                            sfr3         0000
__Lspace_0                         (abs)        0000
__Lspace_1                         (abs)        0000
__Lspace_2                         (abs)        0000
__Lspace_3                         (abs)        0000
__Lstack                           stack        0000
__Lstrings                         strings      0000
__Ltext                            text         0000
__S0                               (abs)        2008
__S1                               (abs)        007E
__S2                               (abs)        0000
__S3                               (abs)        0000
___awdiv                           text12       02F6
___awdiv@counter                   cstackCOMMON 0075
___awdiv@dividend                  cstackCOMMON 0072
___awdiv@divisor                   cstackCOMMON 0070
___awdiv@quotient                  cstackCOMMON 0077
___awdiv@sign                      cstackCOMMON 0076
___awmod                           text11       025A
___awmod@counter                   cstackCOMMON 0075
___awmod@dividend                  cstackCOMMON 0072
___awmod@divisor                   cstackCOMMON 0070
___awmod@sign                      cstackCOMMON 0076
___int_sp                          stack        0000
___latbits                         (abs)        0002
___lldiv                           text22       034F
___lldiv@counter                   cstackBANK0  002C
___lldiv@dividend                  cstackBANK0  0024
___lldiv@divisor                   cstackBANK0  0020
___lldiv@quotient                  cstackBANK0  0028
___lmul                            text21       01D1
___lmul@multiplicand               cstackCOMMON 0074
___lmul@multiplier                 cstackCOMMON 0070
___lmul@product                    cstackCOMMON 0079
___sp                              stack        0000
___wmul                            text4        00D8
___wmul@multiplicand               cstackCOMMON 0072
___wmul@multiplier                 cstackCOMMON 0070
___wmul@product                    cstackCOMMON 0074
__end_of_BCD_2_DEC                 text3        013E
__end_of_DEC_2_BCD                 text10       0198
__end_of_I2C_Begin                 text8        005D
__end_of_I2C_End                   text7        0064
__end_of_I2C_Hold                  text9        007D
__end_of_I2C_Initialize            text20       02F6
__end_of_I2C_Read                  text2        016A
__end_of_I2C_Write                 text6        006C
__end_of_Lcd_Clear                 text17       0088
__end_of_Lcd_Cmd                   text18       00D8
__end_of_Lcd_Print_Char            text16       01D1
__end_of_Lcd_Print_String          text15       011B
__end_of_Lcd_SetBit                text19       00BE
__end_of_Lcd_Set_Cursor            text14       025A
__end_of_Lcd_Start                 text13       0423
__end_of_Set_Time_Date             text5        04D0
__end_of_Update_Current_Date_Time  text1        05BA
__end_of___awdiv                   text12       034F
__end_of___awmod                   text11       02A5
__end_of___lldiv                   text22       03AF
__end_of___lmul                    text21       0210
__end_of___wmul                    text4        00F9
__end_of__initialization           cinit        07FC
__end_of__stringtab                strings      0009
__end_of_main                      maintext     07E8
__initialization                   cinit        07E8
__pbssBANK0                        bssBANK0     003E
__pcstackBANK0                     cstackBANK0  0020
__pcstackCOMMON                    cstackCOMMON 0070
__pdataBANK0                       dataBANK0    004F
__pidataBANK0                      idataBANK0   0088
__pmaintext                        maintext     05BA
__pstrings                         strings      0003
__ptext1                           text1        04D0
__ptext10                          text10       016A
__ptext11                          text11       025A
__ptext12                          text12       02F6
__ptext13                          text13       03AF
__ptext14                          text14       0210
__ptext15                          text15       00F9
__ptext16                          text16       0198
__ptext17                          text17       007D
__ptext18                          text18       00BE
__ptext19                          text19       00A4
__ptext2                           text2        013E
__ptext20                          text20       02A5
__ptext21                          text21       01D1
__ptext22                          text22       034F
__ptext3                           text3        011B
__ptext4                           text4        00D8
__ptext5                           text5        0423
__ptext6                           text6        0064
__ptext7                           text7        005D
__ptext8                           text8        0056
__ptext9                           text9        0074
__size_of_BCD_2_DEC                (abs)        0000
__size_of_DEC_2_BCD                (abs)        0000
__size_of_I2C_Begin                (abs)        0000
__size_of_I2C_End                  (abs)        0000
__size_of_I2C_Hold                 (abs)        0000
__size_of_I2C_Initialize           (abs)        0000
__size_of_I2C_Read                 (abs)        0000
__size_of_I2C_Write                (abs)        0000
__size_of_Lcd_Clear                (abs)        0000
__size_of_Lcd_Cmd                  (abs)        0000
__size_of_Lcd_Print_Char           (abs)        0000
__size_of_Lcd_Print_String         (abs)        0000
__size_of_Lcd_SetBit               (abs)        0000
__size_of_Lcd_Set_Cursor           (abs)        0000
__size_of_Lcd_Start                (abs)        0000
__size_of_Set_Time_Date            (abs)        0000
__size_of_Update_Current_Date_Time (abs)        0000
__size_of___awdiv                  (abs)        0000
__size_of___awmod                  (abs)        0000
__size_of___lldiv                  (abs)        0000
__size_of___lmul                   (abs)        0000
__size_of___wmul                   (abs)        0000
__size_of_main                     (abs)        0000
__stringbase                       strings      0008
__stringtab                        strings      0003
_alarm_val                         bssBANK0     003E
_date                              dataBANK0    004F
_hour                              dataBANK0    0051
_jump                              bssBANK0     004C
_main                              maintext     05BA
_min                               dataBANK0    0053
_month                             dataBANK0    0055
_pos                               dataBANK0    0059
_sec                               bssBANK0     0046
_set_alarm                         bssBANK0     004D
_trigger_alarm                     bssBANK0     004E
_year                              dataBANK0    0057
btemp                              (abs)        007E
clear_ram0                         clrtext      006C
end_of_initialization              cinit        07FC
init_fetch0                        inittext     0093
init_ram0                          inittext     0097
intlevel0                          functab      0000
intlevel1                          functab      0000
intlevel2                          functab      0000
intlevel3                          functab      0000
intlevel4                          functab      0000
intlevel5                          functab      0000
ltemp                              (abs)        007E
ltemp0                             (abs)        007E
ltemp1                             (abs)        0082
ltemp2                             (abs)        0086
ltemp3                             (abs)        0080
main@hour_0                        cstackBANK0  003C
main@hour_1                        cstackBANK0  003D
main@min_0                         cstackBANK0  003A
main@min_1                         cstackBANK0  003B
main@sec_0                         cstackBANK0  0038
main@sec_1                         cstackBANK0  0039
reset_vec                          reset_vec    0000
stackhi                            (abs)        0000
stacklo                            (abs)        0000
start                              init         0000
start_initialization               cinit        07E8
ttemp                              (abs)        007E
ttemp0                             (abs)        007E
ttemp1                             (abs)        0081
ttemp2                             (abs)        0084
ttemp3                             (abs)        0087
ttemp4                             (abs)        007F
wtemp                              (abs)        007E
wtemp0                             (abs)        007E
wtemp1                             (abs)        0080
wtemp2                             (abs)        0082
wtemp3                             (abs)        0084
wtemp4                             (abs)        0086
wtemp5                             (abs)        0088
wtemp6                             (abs)        007F


FUNCTION INFORMATION:

 *************** function _main *****************
 Defined at:
		line 63 in file "Alarm clock PIC.c"
 Parameters:    Size  Location     Type
		None
 Auto vars:     Size  Location     Type
  hour_1          1   29[BANK0 ] unsigned char 
  hour_0          1   28[BANK0 ] unsigned char 
  min_1           1   27[BANK0 ] unsigned char 
  min_0           1   26[BANK0 ] unsigned char 
  sec_1           1   25[BANK0 ] unsigned char 
  sec_0           1   24[BANK0 ] unsigned char 
 Return value:  Size  Location     Type
                  2  160[None  ] int 
 Registers used:
		wreg, fsr0l, fsr0h, status,2, status,0, btemp+1, pclath, cstack
 Tracked objects:
		On entry : 
		On exit  : 
		Unchanged: 
 Data sizes:     COMMON   BANK0   BANK1   BANK3   BANK2
      Params:         0       0       0       0       0
      Locals:         0       6       0       0       0
      Temps:          0       3       0       0       0
      Totals:         0       9       0       0       0
Total ram usage:        9 bytes
 Hardware stack levels required when called:    3
 This function calls:
		_I2C_Initialize
		_Lcd_Clear
		_Lcd_Print_Char
		_Lcd_Print_String
		_Lcd_Set_Cursor
		_Lcd_Start
		_Set_Time_Date
		_Update_Current_Date_Time
		___awdiv
		___awmod
 This function is called by:
		Startup code after reset
 This function uses a non-reentrant model


 *************** function _Update_Current_Date_Time *****************
 Defined at:
		line 41 in file "PIC16F877a_DS3231.h"
 Parameters:    Size  Location     Type
		None
 Auto vars:     Size  Location     Type
		None
 Return value:  Size  Location     Type
                  1    wreg      void 
 Registers used:
		wreg, status,2, status,0, pclath, cstack
 Tracked objects:
		On entry : 
		On exit  : 
		Unchanged: 
 Data sizes:     COMMON   BANK0   BANK1   BANK3   BANK2
      Params:         0       0       0       0       0
      Locals:         0       0       0       0       0
      Temps:          0       0       0       0       0
      Totals:         0       0       0       0       0
Total ram usage:        0 bytes
 Hardware stack levels used:    1
 Hardware stack levels required when called:    2
 This function calls:
		_BCD_2_DEC
		_I2C_Begin
		_I2C_End
		_I2C_Read
		_I2C_Write
 This function is called by:
		_main
 This function uses a non-reentrant model


 *************** function _I2C_Read *****************
 Defined at:
		line 46 in file "PIC16F877a_I2C.h"
 Parameters:    Size  Location     Type
  ack             2    0[COMMON] unsigned short 
 Auto vars:     Size  Location     Type
  incoming        2    4[COMMON] unsigned short 
 Return value:  Size  Location     Type
                  2    0[COMMON] unsigned short 
 Registers used:
		wreg, status,2, status,0, pclath, cstack
 Tracked objects:
		On entry : 
		On exit  : 
		Unchanged: 
 Data sizes:     COMMON   BANK0   BANK1   BANK3   BANK2
      Params:         2       0       0       0       0
      Locals:         2       0       0       0       0
      Temps:          2       0       0       0       0
      Totals:         6       0       0       0       0
Total ram usage:        6 bytes
 Hardware stack levels used:    1
 Hardware stack levels required when called:    1
 This function calls:
		_I2C_Hold
 This function is called by:
		_Update_Current_Date_Time
 This function uses a non-reentrant model


 *************** function _BCD_2_DEC *****************
 Defined at:
		line 16 in file "PIC16F877a_DS3231.h"
 Parameters:    Size  Location     Type
  to_convert      2    6[COMMON] int 
 Auto vars:     Size  Location     Type
		None
 Return value:  Size  Location     Type
                  2    6[COMMON] int 
 Registers used:
		wreg, status,2, status,0, pclath, cstack
 Tracked objects:
		On entry : 
		On exit  : 
		Unchanged: 
 Data sizes:     COMMON   BANK0   BANK1   BANK3   BANK2
      Params:         2       0       0       0       0
      Locals:         0       0       0       0       0
      Temps:          2       0       0       0       0
      Totals:         4       0       0       0       0
Total ram usage:        4 bytes
 Hardware stack levels used:    1
 Hardware stack levels required when called:    1
 This function calls:
		___wmul
 This function is called by:
		_Update_Current_Date_Time
 This function uses a non-reentrant model


 *************** function ___wmul *****************
 Defined at:
		line 15 in file "C:\Program Files (x86)\Microchip\xc8\v1.38\sources\common\Umul16.c"
 Parameters:    Size  Location     Type
  multiplier      2    0[COMMON] unsigned int 
  multiplicand    2    2[COMMON] unsigned int 
 Auto vars:     Size  Location     Type
  product         2    4[COMMON] unsigned int 
 Return value:  Size  Location     Type
                  2    0[COMMON] unsigned int 
 Registers used:
		wreg, status,2, status,0
 Tracked objects:
		On entry : 
		On exit  : 
		Unchanged: 
 Data sizes:     COMMON   BANK0   BANK1   BANK3   BANK2
      Params:         4       0       0       0       0
      Locals:         2       0       0       0       0
      Temps:          0       0       0       0       0
      Totals:         6       0       0       0       0
Total ram usage:        6 bytes
 Hardware stack levels used:    1
 This function calls:
		Nothing
 This function is called by:
		_BCD_2_DEC
 This function uses a non-reentrant model


 *************** function _Set_Time_Date *****************
 Defined at:
		line 26 in file "PIC16F877a_DS3231.h"
 Parameters:    Size  Location     Type
		None
 Auto vars:     Size  Location     Type
		None
 Return value:  Size  Location     Type
                  1    wreg      void 
 Registers used:
		wreg, status,2, status,0, pclath, cstack
 Tracked objects:
		On entry : 
		On exit  : 
		Unchanged: 
 Data sizes:     COMMON   BANK0   BANK1   BANK3   BANK2
      Params:         0       0       0       0       0
      Locals:         0       0       0       0       0
      Temps:          0       0       0       0       0
      Totals:         0       0       0       0       0
Total ram usage:        0 bytes
 Hardware stack levels used:    1
 Hardware stack levels required when called:    2
 This function calls:
		_DEC_2_BCD
		_I2C_Begin
		_I2C_End
		_I2C_Write
 This function is called by:
		_main
 This function uses a non-reentrant model


 *************** function _I2C_Write *****************
 Defined at:
		line 40 in file "PIC16F877a_I2C.h"
 Parameters:    Size  Location     Type
  data            2    0[BANK0 ] unsigned int 
 Auto vars:     Size  Location     Type
		None
 Return value:  Size  Location     Type
                  1    wreg      void 
 Registers used:
		wreg, status,2, status,0, pclath, cstack
 Tracked objects:
		On entry : 
		On exit  : 
		Unchanged: 
 Data sizes:     COMMON   BANK0   BANK1   BANK3   BANK2
      Params:         0       2       0       0       0
      Locals:         0       0       0       0       0
      Temps:          0       0       0       0       0
      Totals:         0       2       0       0       0
Total ram usage:        2 bytes
 Hardware stack levels used:    1
 Hardware stack levels required when called:    1
 This function calls:
		_I2C_Hold
 This function is called by:
		_Set_Time_Date
		_Update_Current_Date_Time
 This function uses a non-reentrant model


 *************** function _I2C_End *****************
 Defined at:
		line 34 in file "PIC16F877a_I2C.h"
 Parameters:    Size  Location     Type
		None
 Auto vars:     Size  Location     Type
		None
 Return value:  Size  Location     Type
                  1    wreg      void 
 Registers used:
		wreg, status,2, status,0, pclath, cstack
 Tracked objects:
		On entry : 
		On exit  : 
		Unchanged: 
 Data sizes:     COMMON   BANK0   BANK1   BANK3   BANK2
      Params:         0       0       0       0       0
      Locals:         0       0       0       0       0
      Temps:          0       0       0       0       0
      Totals:         0       0       0       0       0
Total ram usage:        0 bytes
 Hardware stack levels used:    1
 Hardware stack levels required when called:    1
 This function calls:
		_I2C_Hold
 This function is called by:
		_Set_Time_Date
		_Update_Current_Date_Time
 This function uses a non-reentrant model


 *************** function _I2C_Begin *****************
 Defined at:
		line 26 in file "PIC16F877a_I2C.h"
 Parameters:    Size  Location     Type
		None
 Auto vars:     Size  Location     Type
		None
 Return value:  Size  Location     Type
                  1    wreg      void 
 Registers used:
		wreg, status,2, status,0, pclath, cstack
 Tracked objects:
		On entry : 
		On exit  : 
		Unchanged: 
 Data sizes:     COMMON   BANK0   BANK1   BANK3   BANK2
      Params:         0       0       0       0       0
      Locals:         0       0       0       0       0
      Temps:          0       0       0       0       0
      Totals:         0       0       0       0       0
Total ram usage:        0 bytes
 Hardware stack levels used:    1
 Hardware stack levels required when called:    1
 This function calls:
		_I2C_Hold
 This function is called by:
		_Set_Time_Date
		_Update_Current_Date_Time
 This function uses a non-reentrant model


 *************** function _I2C_Hold *****************
 Defined at:
		line 21 in file "PIC16F877a_I2C.h"
 Parameters:    Size  Location     Type
		None
 Auto vars:     Size  Location     Type
		None
 Return value:  Size  Location     Type
                  1    wreg      void 
 Registers used:
		wreg, status,2
 Tracked objects:
		On entry : 
		On exit  : 
		Unchanged: 
 Data sizes:     COMMON   BANK0   BANK1   BANK3   BANK2
      Params:         0       0       0       0       0
      Locals:         0       0       0       0       0
      Temps:          0       0       0       0       0
      Totals:         0       0       0       0       0
Total ram usage:        0 bytes
 Hardware stack levels used:    1
 This function calls:
		Nothing
 This function is called by:
		_I2C_Begin
		_I2C_End
		_I2C_Write
		_I2C_Read
 This function uses a non-reentrant model


 *************** function _DEC_2_BCD *****************
 Defined at:
		line 21 in file "PIC16F877a_DS3231.h"
 Parameters:    Size  Location     Type
  to_convert      2    9[COMMON] int 
 Auto vars:     Size  Location     Type
		None
 Return value:  Size  Location     Type
                  2    9[COMMON] int 
 Registers used:
		wreg, status,2, status,0, pclath, cstack
 Tracked objects:
		On entry : 
		On exit  : 
		Unchanged: 
 Data sizes:     COMMON   BANK0   BANK1   BANK3   BANK2
      Params:         2       0       0       0       0
      Locals:         0       0       0       0       0
      Temps:          2       0       0       0       0
      Totals:         4       0       0       0       0
Total ram usage:        4 bytes
 Hardware stack levels used:    1
 Hardware stack levels required when called:    1
 This function calls:
		___awdiv
		___awmod
 This function is called by:
		_Set_Time_Date
 This function uses a non-reentrant model


 *************** function ___awmod *****************
 Defined at:
		line 6 in file "C:\Program Files (x86)\Microchip\xc8\v1.38\sources\common\awmod.c"
 Parameters:    Size  Location     Type
  divisor         2    0[COMMON] int 
  dividend        2    2[COMMON] int 
 Auto vars:     Size  Location     Type
  sign            1    6[COMMON] unsigned char 
  counter         1    5[COMMON] unsigned char 
 Return value:  Size  Location     Type
                  2    0[COMMON] int 
 Registers used:
		wreg, status,2, status,0
 Tracked objects:
		On entry : 
		On exit  : 
		Unchanged: 
 Data sizes:     COMMON   BANK0   BANK1   BANK3   BANK2
      Params:         4       0       0       0       0
      Locals:         2       0       0       0       0
      Temps:          1       0       0       0       0
      Totals:         7       0       0       0       0
Total ram usage:        7 bytes
 Hardware stack levels used:    1
 This function calls:
		Nothing
 This function is called by:
		_DEC_2_BCD
		_main
 This function uses a non-reentrant model


 *************** function ___awdiv *****************
 Defined at:
		line 6 in file "C:\Program Files (x86)\Microchip\xc8\v1.38\sources\common\awdiv.c"
 Parameters:    Size  Location     Type
  divisor         2    0[COMMON] int 
  dividend        2    2[COMMON] int 
 Auto vars:     Size  Location     Type
  quotient        2    7[COMMON] int 
  sign            1    6[COMMON] unsigned char 
  counter         1    5[COMMON] unsigned char 
 Return value:  Size  Location     Type
                  2    0[COMMON] int 
 Registers used:
		wreg, status,2, status,0
 Tracked objects:
		On entry : 
		On exit  : 
		Unchanged: 
 Data sizes:     COMMON   BANK0   BANK1   BANK3   BANK2
      Params:         4       0       0       0       0
      Locals:         4       0       0       0       0
      Temps:          1       0       0       0       0
      Totals:         9       0       0       0       0
Total ram usage:        9 bytes
 Hardware stack levels used:    1
 This function calls:
		Nothing
 This function is called by:
		_DEC_2_BCD
		_main
 This function uses a non-reentrant model


 *************** function _Lcd_Start *****************
 Defined at:
		line 75 in file "lcd.h"
 Parameters:    Size  Location     Type
		None
 Auto vars:     Size  Location     Type
  i               2    6[COMMON] int 
 Return value:  Size  Location     Type
                  1    wreg      void 
 Registers used:
		wreg, status,2, status,0, btemp+1, pclath, cstack
 Tracked objects:
		On entry : 
		On exit  : 
		Unchanged: 
 Data sizes:     COMMON   BANK0   BANK1   BANK3   BANK2
      Params:         0       0       0       0       0
      Locals:         2       0       0       0       0
      Temps:          2       0       0       0       0
      Totals:         4       0       0       0       0
Total ram usage:        4 bytes
 Hardware stack levels used:    1
 Hardware stack levels required when called:    2
 This function calls:
		_Lcd_Cmd
		_Lcd_SetBit
 This function is called by:
		_main
 This function uses a non-reentrant model


 *************** function _Lcd_Set_Cursor *****************
 Defined at:
		line 54 in file "lcd.h"
 Parameters:    Size  Location     Type
  a               1    wreg     unsigned char 
  b               1    4[COMMON] unsigned char 
 Auto vars:     Size  Location     Type
  a               1    7[COMMON] unsigned char 
  temp            1   10[COMMON] unsigned char 
  y               1    9[COMMON] unsigned char 
  z               1    8[COMMON] unsigned char 
 Return value:  Size  Location     Type
                  1    wreg      void 
 Registers used:
		wreg, status,2, status,0, pclath, cstack
 Tracked objects:
		On entry : 
		On exit  : 
		Unchanged: 
 Data sizes:     COMMON   BANK0   BANK1   BANK3   BANK2
      Params:         1       0       0       0       0
      Locals:         4       0       0       0       0
      Temps:          2       0       0       0       0
      Totals:         7       0       0       0       0
Total ram usage:        7 bytes
 Hardware stack levels used:    1
 Hardware stack levels required when called:    2
 This function calls:
		_Lcd_Cmd
 This function is called by:
		_main
 This function uses a non-reentrant model


 *************** function _Lcd_Print_String *****************
 Defined at:
		line 109 in file "lcd.h"
 Parameters:    Size  Location     Type
  a               1    wreg     PTR unsigned char 
		 -> STR_4(8), STR_3(7), STR_2(17), STR_1(12), 
 Auto vars:     Size  Location     Type
  a               1    7[COMMON] PTR unsigned char 
		 -> STR_4(8), STR_3(7), STR_2(17), STR_1(12), 
  i               2    5[COMMON] int 
 Return value:  Size  Location     Type
                  1    wreg      void 
 Registers used:
		wreg, fsr0l, fsr0h, status,2, status,0, pclath, cstack
 Tracked objects:
		On entry : 
		On exit  : 
		Unchanged: 
 Data sizes:     COMMON   BANK0   BANK1   BANK3   BANK2
      Params:         0       0       0       0       0
      Locals:         3       0       0       0       0
      Temps:          0       0       0       0       0
      Totals:         3       0       0       0       0
Total ram usage:        3 bytes
 Hardware stack levels used:    1
 Hardware stack levels required when called:    2
 This function calls:
		_Lcd_Print_Char
 This function is called by:
		_main
 This function uses a non-reentrant model


 *************** function _Lcd_Print_Char *****************
 Defined at:
		line 93 in file "lcd.h"
 Parameters:    Size  Location     Type
  data            1    wreg     unsigned char 
 Auto vars:     Size  Location     Type
  data            1    4[COMMON] unsigned char 
  Upper_Nibble    1    3[COMMON] unsigned char 
  Lower_Nibble    1    2[COMMON] unsigned char 
 Return value:  Size  Location     Type
                  1    wreg      void 
 Registers used:
		wreg, status,2, status,0, pclath, cstack
 Tracked objects:
		On entry : 
		On exit  : 
		Unchanged: 
 Data sizes:     COMMON   BANK0   BANK1   BANK3   BANK2
      Params:         0       0       0       0       0
      Locals:         3       0       0       0       0
      Temps:          1       0       0       0       0
      Totals:         4       0       0       0       0
Total ram usage:        4 bytes
 Hardware stack levels used:    1
 Hardware stack levels required when called:    1
 This function calls:
		_Lcd_SetBit
 This function is called by:
		_Lcd_Print_String
		_main
 This function uses a non-reentrant model


 *************** function _Lcd_Clear *****************
 Defined at:
		line 48 in file "lcd.h"
 Parameters:    Size  Location     Type
		None
 Auto vars:     Size  Location     Type
		None
 Return value:  Size  Location     Type
                  2  104[None  ] int 
 Registers used:
		wreg, status,2, status,0, pclath, cstack
 Tracked objects:
		On entry : 
		On exit  : 
		Unchanged: 
 Data sizes:     COMMON   BANK0   BANK1   BANK3   BANK2
      Params:         0       0       0       0       0
      Locals:         0       0       0       0       0
      Temps:          0       0       0       0       0
      Totals:         0       0       0       0       0
Total ram usage:        0 bytes
 Hardware stack levels used:    1
 Hardware stack levels required when called:    2
 This function calls:
		_Lcd_Cmd
 This function is called by:
		_main
 This function uses a non-reentrant model


 *************** function _Lcd_Cmd *****************
 Defined at:
		line 39 in file "lcd.h"
 Parameters:    Size  Location     Type
  a               1    wreg     unsigned char 
 Auto vars:     Size  Location     Type
  a               1    3[COMMON] unsigned char 
 Return value:  Size  Location     Type
                  1    wreg      void 
 Registers used:
		wreg, status,2, status,0, pclath, cstack
 Tracked objects:
		On entry : 
		On exit  : 
		Unchanged: 
 Data sizes:     COMMON   BANK0   BANK1   BANK3   BANK2
      Params:         0       0       0       0       0
      Locals:         1       0       0       0       0
      Temps:          2       0       0       0       0
      Totals:         3       0       0       0       0
Total ram usage:        3 bytes
 Hardware stack levels used:    1
 Hardware stack levels required when called:    1
 This function calls:
		_Lcd_SetBit
 This function is called by:
		_Lcd_Clear
		_Lcd_Set_Cursor
		_Lcd_Start
 This function uses a non-reentrant model


 *************** function _Lcd_SetBit *****************
 Defined at:
		line 16 in file "lcd.h"
 Parameters:    Size  Location     Type
  data_bit        1    wreg     unsigned char 
 Auto vars:     Size  Location     Type
  data_bit        1    0[COMMON] unsigned char 
 Return value:  Size  Location     Type
                  1    wreg      void 
 Registers used:
		wreg
 Tracked objects:
		On entry : 
		On exit  : 
		Unchanged: 
 Data sizes:     COMMON   BANK0   BANK1   BANK3   BANK2
      Params:         0       0       0       0       0
      Locals:         1       0       0       0       0
      Temps:          0       0       0       0       0
      Totals:         1       0       0       0       0
Total ram usage:        1 bytes
 Hardware stack levels used:    1
 This function calls:
		Nothing
 This function is called by:
		_Lcd_Cmd
		_Lcd_Start
		_Lcd_Print_Char
 This function uses a non-reentrant model


 *************** function _I2C_Initialize *****************
 Defined at:
		line 10 in file "PIC16F877a_I2C.h"
 Parameters:    Size  Location     Type
  feq_K           4   13[BANK0 ] const unsigned long 
 Auto vars:     Size  Location     Type
		None
 Return value:  Size  Location     Type
                  1    wreg      void 
 Registers used:
		wreg, status,2, status,0, pclath, cstack
 Tracked objects:
		On entry : 
		On exit  : 
		Unchanged: 
 Data sizes:     COMMON   BANK0   BANK1   BANK3   BANK2
      Params:         0       4       0       0       0
      Locals:         0       0       0       0       0
      Temps:          0       4       0       0       0
      Totals:         0       8       0       0       0
Total ram usage:        8 bytes
 Hardware stack levels used:    1
 Hardware stack levels required when called:    1
 This function calls:
		___lldiv
		___lmul
 This function is called by:
		_main
 This function uses a non-reentrant model


 *************** function ___lmul *****************
 Defined at:
		line 15 in file "C:\Program Files (x86)\Microchip\xc8\v1.38\sources\common\Umul32.c"
 Parameters:    Size  Location     Type
  multiplier      4    0[COMMON] unsigned long 
  multiplicand    4    4[COMMON] unsigned long 
 Auto vars:     Size  Location     Type
  product         4    9[COMMON] unsigned long 
 Return value:  Size  Location     Type
                  4    0[COMMON] unsigned long 
 Registers used:
		wreg, status,2, status,0
 Tracked objects:
		On entry : 
		On exit  : 
		Unchanged: 
 Data sizes:     COMMON   BANK0   BANK1   BANK3   BANK2
      Params:         8       0       0       0       0
      Locals:         4       0       0       0       0
      Temps:          1       0       0       0       0
      Totals:        13       0       0       0       0
Total ram usage:       13 bytes
 Hardware stack levels used:    1
 This function calls:
		Nothing
 This function is called by:
		_I2C_Initialize
 This function uses a non-reentrant model


 *************** function ___lldiv *****************
 Defined at:
		line 6 in file "C:\Program Files (x86)\Microchip\xc8\v1.38\sources\common\lldiv.c"
 Parameters:    Size  Location     Type
  divisor         4    0[BANK0 ] unsigned long 
  dividend        4    4[BANK0 ] unsigned long 
 Auto vars:     Size  Location     Type
  quotient        4    8[BANK0 ] unsigned long 
  counter         1   12[BANK0 ] unsigned char 
 Return value:  Size  Location     Type
                  4    0[BANK0 ] unsigned long 
 Registers used:
		wreg, status,2, status,0
 Tracked objects:
		On entry : 
		On exit  : 
		Unchanged: 
 Data sizes:     COMMON   BANK0   BANK1   BANK3   BANK2
      Params:         0       8       0       0       0
      Locals:         0       5       0       0       0
      Temps:          1       0       0       0       0
      Totals:         1      13       0       0       0
Total ram usage:       14 bytes
 Hardware stack levels used:    1
 This function calls:
		Nothing
 This function is called by:
		_I2C_Initialize
 This function uses a non-reentrant model



MODULE INFORMATION

Module		Function		Class		Link	Load	Size
C:\Program Files (x86)\Microchip\xc8\v1.38\sources\common\awmod.c
		___awmod       		CODE           	025A	0000	76

C:\Program Files (x86)\Microchip\xc8\v1.38\sources\common\awmod.c estimated size: 76

C:\Program Files (x86)\Microchip\xc8\v1.38\sources\common\Umul16.c
		___wmul        		CODE           	00D8	0000	34

C:\Program Files (x86)\Microchip\xc8\v1.38\sources\common\Umul16.c estimated size: 34

PIC16F877a_I2C.h
		_I2C_Write     		CODE           	0064	0000	9
		_I2C_End       		CODE           	005D	0000	8
		_I2C_Read      		CODE           	013E	0000	45
		_I2C_Hold      		CODE           	0074	0000	10
		_I2C_Initialize		CODE           	02A5	0000	82
		_I2C_Begin     		CODE           	0056	0000	8

PIC16F877a_I2C.h estimated size: 162

C:\Program Files (x86)\Microchip\xc8\v1.38\sources\common\awdiv.c
		___awdiv       		CODE           	02F6	0000	90

C:\Program Files (x86)\Microchip\xc8\v1.38\sources\common\awdiv.c estimated size: 90

C:\Program Files (x86)\Microchip\xc8\v1.38\sources\common\Umul32.c
		___lmul        		CODE           	01D1	0000	64

C:\Program Files (x86)\Microchip\xc8\v1.38\sources\common\Umul32.c estimated size: 64

C:\Program Files (x86)\Microchip\xc8\v1.38\sources\common\lldiv.c
		___lldiv       		CODE           	034F	0000	97

C:\Program Files (x86)\Microchip\xc8\v1.38\sources\common\lldiv.c estimated size: 97

shared
		__stringtab    		STRING         	0003	0000	7
		__initialization		CODE           	07E8	0000	21

shared estimated size: 28

Alarm clock PIC.c
		_main          		CODE           	05BA	0000	559

Alarm clock PIC.c estimated size: 559

PIC16F877a_DS3231.h
		_DEC_2_BCD     		CODE           	016A	0000	47
		_BCD_2_DEC     		CODE           	011B	0000	36
		_Update_Current_Date_Time		CODE           	04D0	0000	235
		_Set_Time_Date 		CODE           	0423	0000	174

PIC16F877a_DS3231.h estimated size: 492

lcd.h
		_Lcd_Cmd       		CODE           	00BE	0000	27
		_Lcd_SetBit    		CODE           	00A4	0000	27
		_Lcd_Start     		CODE           	03AF	0000	117
		_Lcd_Set_Cursor		CODE           	0210	0000	75
		_Lcd_Clear     		CODE           	007D	0000	12
		_Lcd_Print_String		CODE           	00F9	0000	35
		_Lcd_Print_Char		CODE           	0198	0000	58

lcd.h estimated size: 351

